[I 2026-04-25 18:40:29.283 ServerApp] jupyter_lsp | extension was successfully linked.
[I 2026-04-25 18:40:29.311 ServerApp] jupyter_server_terminals | extension was successfully linked.
[I 2026-04-25 18:40:29.339 ServerApp] jupyterlab | extension was successfully linked.
[I 2026-04-25 18:40:29.382 ServerApp] Writing Jupyter server cookie secret to C:\Users\sanch\AppData\Roaming\jupyter\runtime\jupyter_cookie_secret
[I 2026-04-25 18:40:31.390 ServerApp] notebook_shim | extension was successfully linked.
[I 2026-04-25 18:40:31.690 ServerApp] notebook_shim | extension was successfully loaded.
[I 2026-04-25 18:40:31.724 ServerApp] jupyter_lsp | extension was successfully loaded.
[I 2026-04-25 18:40:31.728 ServerApp] jupyter_server_terminals | extension was successfully loaded.
[I 2026-04-25 18:40:31.772 LabApp] JupyterLab extension loaded from C:\Python314\Lib\site-packages\jupyterlab
[I 2026-04-25 18:40:31.775 LabApp] JupyterLab application directory is C:\Python314\share\jupyter\lab
[I 2026-04-25 18:40:31.787 LabApp] Extension Manager is 'pypi'.
[I 2026-04-25 18:40:33.279 ServerApp] jupyterlab | extension was successfully loaded.
[I 2026-04-25 18:40:33.284 ServerApp] Serving notebooks from local directory: D:\Ashoka University\Academics\Spring - 2026\DSM\Project\district_malnutrition_eda
[I 2026-04-25 18:40:33.285 ServerApp] Jupyter Server 2.17.0 is running at:
[I 2026-04-25 18:40:33.286 ServerApp] http://localhost:8890/lab?token=cf7fa3bde1da4fe6eeb07eaa20d82a808fc19a977717e990
[I 2026-04-25 18:40:33.286 ServerApp]     http://127.0.0.1:8890/lab?token=cf7fa3bde1da4fe6eeb07eaa20d82a808fc19a977717e990
[I 2026-04-25 18:40:33.287 ServerApp] Use Control-C to stop this server and shut down all kernels (twice to skip confirmation).
[C 2026-04-25 18:40:33.310 ServerApp] 
    
    To access the server, open this file in a browser:
        file:/C:/Users/sanch/AppData/Roaming/jupyter/runtime/jpserver-38016-open.html
    Or copy and paste one of these URLs:
        http://localhost:8890/lab?token=cf7fa3bde1da4fe6eeb07eaa20d82a808fc19a977717e990
        http://127.0.0.1:8890/lab?token=cf7fa3bde1da4fe6eeb07eaa20d82a808fc19a977717e990
[I 2026-04-25 18:40:35.096 ServerApp] Skipped non-installed server(s): basedpyright, bash-language-server, dockerfile-language-server-nodejs, javascript-typescript-langserver, jedi-language-server, julia-language-server, pyrefly, pyright, python-language-server, python-lsp-server, r-languageserver, sql-language-server, texlab, typescript-language-server, unified-language-server, vscode-css-languageserver-bin, vscode-html-languageserver-bin, vscode-json-languageserver-bin, yaml-language-server
[I 2026-04-25 18:41:44.600 LabApp] Build is up to date
C:\Python314\Lib\site-packages\nbformat\__init__.py:96: MissingIDFieldWarning: Cell is missing an id field, this will become a hard error in future nbformat versions. You may want to use `normalize()` on your notebooks before validations (available since nbformat 5.1.4). Previous versions of nbformat are fixing this issue transparently, and will stop doing so in the future.
  validate(nb)
[I 2026-04-25 18:41:48.337 ServerApp] Writing notebook-signing key to C:\Users\sanch\AppData\Roaming\jupyter\notebook_secret
[W 2026-04-25 18:41:48.344 ServerApp] Notebook District_Malnutrition_EDA.ipynb is not trusted
[I 2026-04-25 18:41:49.274 ServerApp] Kernel started: 39f128c3-1aaa-449b-b661-e9fcc14ab2da
[I 2026-04-25 18:41:51.519 ServerApp] Adapting from protocol version 5.3 (kernel 39f128c3-1aaa-449b-b661-e9fcc14ab2da) to 5.4 (client).
[I 2026-04-25 18:41:51.523 ServerApp] Connecting to kernel 39f128c3-1aaa-449b-b661-e9fcc14ab2da.
[W 2026-04-25 18:41:51.565 ServerApp] The websocket_ping_timeout (90000) cannot be longer than the websocket_ping_interval (30000).
    Setting websocket_ping_timeout=30000
[I 2026-04-25 18:41:51.575 ServerApp] Adapting from protocol version 5.3 (kernel 39f128c3-1aaa-449b-b661-e9fcc14ab2da) to 5.4 (client).
[I 2026-04-25 18:41:51.582 ServerApp] Connecting to kernel 39f128c3-1aaa-449b-b661-e9fcc14ab2da.
[I 2026-04-25 18:41:51.683 ServerApp] Adapting from protocol version 5.3 (kernel 39f128c3-1aaa-449b-b661-e9fcc14ab2da) to 5.4 (client).
[I 2026-04-25 18:41:51.690 ServerApp] Connecting to kernel 39f128c3-1aaa-449b-b661-e9fcc14ab2da.
[I 2026-04-25 18:43:48.489 ServerApp] Saving file at /District_Malnutrition_EDA.ipynb
[I 2026-04-25 18:54:02.163 ServerApp] Starting buffering for 39f128c3-1aaa-449b-b661-e9fcc14ab2da:f45f225f-8a8a-45f4-a816-d29f438da29d
[I 2026-04-25 19:13:02.067 ServerApp] Adapting from protocol version 5.3 (kernel 39f128c3-1aaa-449b-b661-e9fcc14ab2da) to 5.4 (client).
[I 2026-04-25 19:13:02.110 ServerApp] Connecting to kernel 39f128c3-1aaa-449b-b661-e9fcc14ab2da.
[I 2026-04-25 19:13:02.577 ServerApp] Starting buffering for 39f128c3-1aaa-449b-b661-e9fcc14ab2da:81cc89ee-7624-4963-812c-1bd119118066
[I 2026-04-25 19:13:02.954 LabApp] Build is up to date
[I 2026-04-25 19:13:03.277 ServerApp] Adapting from protocol version 5.3 (kernel 39f128c3-1aaa-449b-b661-e9fcc14ab2da) to 5.4 (client).
[I 2026-04-25 19:13:03.286 ServerApp] Connecting to kernel 39f128c3-1aaa-449b-b661-e9fcc14ab2da.
